---
source: tests/comments.rs
expression: x
---
[
  {
    "values": "10"
  }
]
