---
source: tests/json.rs
expression: x
---
{
  "": 2.3456789012e76,
  "E": 1.23456789e34,
  "e": 1.23456789e-13,
  "false": false,
  "integer": 1234567890.0,
  "null": null,
  "one": 1.0,
  "real": -9876.54321,
  "true": true,
  "zero": 0.0
}
