---
source: tests/quoting.rs
expression: x
---
{
  "greeting": "We `meet` again Mr. Anderson",
  "name": "Mr. Anderson"
}
