---
source: tests/references.rs
expression: x
---
{
  "object": {
    "width": "10px"
  },
  "value": "10"
}
