---
source: tests/references.rs
expression: x
---
{
  "border": "border-width: 10px",
  "value": "10px"
}
