---
source: tests/references.rs
expression: x
---
{
  "one": {
    "two": {
      "three": {
        "width": "10px"
      }
    }
  },
  "value": "10"
}
